{"at":"2026-10-06T14:56:30.474Z","actor":"2022001","action":"login","target":"2022001","detail":"mock"}
{"at":"2026-10-06T14:56:30.501Z","actor":"2022001","action":"read_contact","target":"2022001","detail":"管理员读取联系方式"}
{"at":"2026-10-06T14:56:30.515Z","actor":"2024001","action":"login","target":"2024001","detail":"mock"}
{"at":"2026-10-06T14:56:30.536Z","actor":"2024001","action":"profile_submit","target":"u_82ca7c555a8caa32","detail":"msg"}
{"at":"2026-10-06T14:56:30.556Z","actor":"2024001","action":"request_create","target":"r_589d4def9704","detail":"to=2022002"}
{"at":"2026-10-06T14:56:30.571Z","actor":"2024001","action":"request_create","target":"r_eca3c8a2d435","detail":"to=2022002"}
{"at":"2026-10-06T14:56:30.578Z","actor":"2022004","action":"login","target":"2022004","detail":"mock"}
{"at":"2026-10-06T14:56:30.590Z","actor":"2022004","action":"pause","target":"2022004","detail":"暂停"}
{"at":"2026-10-06T14:56:30.607Z","actor":"2024001","action":"profile_delete","target":"2024001","detail":"撤回并删除 1 条"}
{"at":"2026-10-06T14:56:30.614Z","actor":"2022001","action":"export_self","target":"2022001","detail":""}
{"at":"2026-10-06T14:56:30.618Z","actor":"2022001","action":"logout","target":"","detail":""}
{"at":"2026-10-06T14:57:05.241Z","actor":"2022001","action":"login","target":"2022001","detail":"mock"}
{"at":"2026-10-06T14:57:05.278Z","actor":"2024001","action":"login","target":"2024001","detail":"mock"}
{"at":"2026-10-06T14:57:05.299Z","actor":"2024001","action":"profile_submit","target":"u_4a1587c511972610","detail":"msg"}
{"at":"2026-10-06T14:57:05.315Z","actor":"2022004","action":"login","target":"2022004","detail":"mock"}
{"at":"2026-10-06T14:57:05.325Z","actor":"2022004","action":"pause","target":"2022004","detail":"暂停"}
{"at":"2026-10-06T14:57:05.339Z","actor":"2024001","action":"profile_delete","target":"2024001","detail":"撤回并删除 1 条"}
{"at":"2026-10-06T14:57:05.345Z","actor":"2022001","action":"export_self","target":"2022001","detail":""}
{"at":"2026-10-06T14:57:05.348Z","actor":"2022001","action":"logout","target":"","detail":""}
{"at":"2026-10-06T14:59:58.597Z","actor":"2022001","action":"login","target":"2022001","detail":"mock"}
{"at":"2026-10-06T14:59:58.637Z","actor":"2024001","action":"login","target":"2024001","detail":"mock"}
{"at":"2026-10-06T14:59:58.658Z","actor":"2024001","action":"profile_submit","target":"u_133c1d5cc31f0a2a","detail":"msg"}
{"at":"2026-10-06T14:59:58.673Z","actor":"2022004","action":"login","target":"2022004","detail":"mock"}
{"at":"2026-10-06T14:59:58.683Z","actor":"2022004","action":"pause","target":"2022004","detail":"暂停"}
{"at":"2026-10-06T14:59:58.697Z","actor":"2024001","action":"profile_delete","target":"2024001","detail":"撤回并删除 1 条"}
{"at":"2026-10-06T14:59:58.705Z","actor":"2022001","action":"export_self","target":"2022001","detail":""}
{"at":"2026-10-06T14:59:58.708Z","actor":"2022001","action":"logout","target":"","detail":""}
{"at":"2026-10-06T15:00:41.185Z","actor":"2022001","action":"login","target":"2022001","detail":"mock"}
